** Drc report for QuadPreRecorder.kicad_pcb **
** Created on 2026-07-29T03:42:13 **
** Report includes: Errors **

** Found 50 DRC violations **
[clearance]: Clearance violation (zone clearance 0.2000 mm; actual 0.0000 mm)
    Local override; error
    @(111.9750 mm, 16.9000 mm): Track [HP_ENABLE] on B.Cu, length 0.4243 mm
    @(0.5000 mm, 0.5000 mm): Zone 'GND plane' [<no net>] on B.Cu, priority 0
[clearance]: Clearance violation (zone clearance 0.2000 mm; actual 0.0000 mm)
    Local override; error
    @(118.2750 mm, 25.3000 mm): Via [HP_ENABLE] on F.Cu - B.Cu
    @(0.5000 mm, 0.5000 mm): Zone 'GND plane' [<no net>] on B.Cu, priority 0
[clearance]: Clearance violation (zone clearance 0.2000 mm; actual 0.0000 mm)
    Local override; error
    @(111.6750 mm, 16.3000 mm): Track [HP_ENABLE] on B.Cu, length 0.4243 mm
    @(0.5000 mm, 0.5000 mm): Zone 'GND plane' [<no net>] on B.Cu, priority 0
[hole_clearance]: Hole clearance violation (board setup constraints hole clearance 0.2500 mm; actual 0.0000 mm)
    Rule: board setup constraints hole; error
    @(118.2750 mm, 25.3000 mm): Via [HP_ENABLE] on F.Cu - B.Cu
    @(0.5000 mm, 0.5000 mm): Zone 'GND plane' [<no net>] on B.Cu, priority 0
[clearance]: Clearance violation (zone clearance 0.2000 mm; actual 0.0000 mm)
    Local override; error
    @(110.7750 mm, 48.7000 mm): Track [HP_ENABLE] on B.Cu, length 1.8000 mm
    @(0.5000 mm, 0.5000 mm): Zone 'GND plane' [<no net>] on B.Cu, priority 0
[clearance]: Clearance violation (zone clearance 0.2000 mm; actual 0.0000 mm)
    Local override; error
    @(107.4750 mm, 48.1000 mm): Track [HP_ENABLE] on F.Cu, length 1.6971 mm
    @(0.5000 mm, 0.5000 mm): Zone 'GND plane' [<no net>] on F.Cu, priority 0
[clearance]: Clearance violation (zone clearance 0.2000 mm; actual 0.0000 mm)
    Local override; error
    @(112.2750 mm, 17.5000 mm): Track [HP_ENABLE] on B.Cu, length 0.4243 mm
    @(0.5000 mm, 0.5000 mm): Zone 'GND plane' [<no net>] on B.Cu, priority 0
[clearance]: Clearance violation (zone clearance 0.2000 mm; actual 0.0000 mm)
    Local override; error
    @(114.3750 mm, 42.4000 mm): Track [HP_ENABLE] on B.Cu, length 1.5000 mm
    @(0.5000 mm, 0.5000 mm): Zone 'GND plane' [<no net>] on B.Cu, priority 0
[clearance]: Clearance violation (zone clearance 0.2000 mm; actual 0.0000 mm)
    Local override; error
    @(113.1750 mm, 19.9000 mm): Track [HP_ENABLE] on B.Cu, length 0.3000 mm
    @(0.5000 mm, 0.5000 mm): Zone 'GND plane' [<no net>] on B.Cu, priority 0
[clearance]: Clearance violation (zone clearance 0.2000 mm; actual 0.0000 mm)
    Local override; error
    @(111.6750 mm, 16.6000 mm): Track [HP_ENABLE] on B.Cu, length 0.3000 mm
    @(0.5000 mm, 0.5000 mm): Zone 'GND plane' [<no net>] on B.Cu, priority 0
[clearance]: Clearance violation (zone clearance 0.2000 mm; actual 0.0000 mm)
    Local override; error
    @(111.0750 mm, 46.6000 mm): Track [HP_ENABLE] on B.Cu, length 0.9000 mm
    @(0.5000 mm, 0.5000 mm): Zone 'GND plane' [<no net>] on B.Cu, priority 0
[clearance]: Clearance violation (zone clearance 0.2000 mm; actual 0.0000 mm)
    Local override; error
    @(111.0750 mm, 14.8000 mm): Track [HP_ENABLE] on B.Cu, length 0.4243 mm
    @(0.5000 mm, 0.5000 mm): Zone 'GND plane' [<no net>] on B.Cu, priority 0
[clearance]: Clearance violation (zone clearance 0.2000 mm; actual 0.0000 mm)
    Local override; error
    @(112.5750 mm, 18.1000 mm): Track [HP_ENABLE] on B.Cu, length 0.4243 mm
    @(0.5000 mm, 0.5000 mm): Zone 'GND plane' [<no net>] on B.Cu, priority 0
[clearance]: Clearance violation (zone clearance 0.2000 mm; actual 0.0000 mm)
    Local override; error
    @(112.5750 mm, 18.4000 mm): Track [HP_ENABLE] on B.Cu, length 0.3000 mm
    @(0.5000 mm, 0.5000 mm): Zone 'GND plane' [<no net>] on B.Cu, priority 0
[clearance]: Clearance violation (zone clearance 0.2000 mm; actual 0.0000 mm)
    Local override; error
    @(111.3750 mm, 15.4000 mm): Track [HP_ENABLE] on B.Cu, length 0.4243 mm
    @(0.5000 mm, 0.5000 mm): Zone 'GND plane' [<no net>] on B.Cu, priority 0
[clearance]: Clearance violation (zone clearance 0.2000 mm; actual 0.0000 mm)
    Local override; error
    @(110.7750 mm, 46.9000 mm): Track [HP_ENABLE] on B.Cu, length 0.4243 mm
    @(0.5000 mm, 0.5000 mm): Zone 'GND plane' [<no net>] on B.Cu, priority 0
[clearance]: Clearance violation (zone clearance 0.2000 mm; actual 0.0000 mm)
    Local override; error
    @(112.8750 mm, 18.7000 mm): Track [HP_ENABLE] on B.Cu, length 0.4243 mm
    @(0.5000 mm, 0.5000 mm): Zone 'GND plane' [<no net>] on B.Cu, priority 0
[clearance]: Clearance violation (zone clearance 0.2000 mm; actual 0.0000 mm)
    Local override; error
    @(110.4750 mm, 13.6000 mm): Track [HP_ENABLE] on B.Cu, length 0.4243 mm
    @(0.5000 mm, 0.5000 mm): Zone 'GND plane' [<no net>] on B.Cu, priority 0
[clearance]: Clearance violation (zone clearance 0.2000 mm; actual 0.0000 mm)
    Local override; error
    @(118.2750 mm, 25.3000 mm): Track [HP_ENABLE] on B.Cu, length 6.7882 mm
    @(0.5000 mm, 0.5000 mm): Zone 'GND plane' [<no net>] on B.Cu, priority 0
[clearance]: Clearance violation (zone clearance 0.2000 mm; actual 0.0000 mm)
    Local override; error
    @(113.4750 mm, 20.2000 mm): Track [HP_ENABLE] on B.Cu, length 0.4243 mm
    @(0.5000 mm, 0.5000 mm): Zone 'GND plane' [<no net>] on B.Cu, priority 0
[clearance]: Clearance violation (zone clearance 0.2000 mm; actual 0.0000 mm)
    Local override; error
    @(111.3750 mm, 16.0000 mm): Track [HP_ENABLE] on B.Cu, length 0.6000 mm
    @(0.5000 mm, 0.5000 mm): Zone 'GND plane' [<no net>] on B.Cu, priority 0
[clearance]: Clearance violation (zone clearance 0.2000 mm; actual 0.0000 mm)
    Local override; error
    @(112.8750 mm, 19.3000 mm): Track [HP_ENABLE] on B.Cu, length 0.6000 mm
    @(0.5000 mm, 0.5000 mm): Zone 'GND plane' [<no net>] on B.Cu, priority 0
[clearance]: Clearance violation (zone clearance 0.2000 mm; actual 0.0000 mm)
    Local override; error
    @(112.2750 mm, 17.8000 mm): Track [HP_ENABLE] on B.Cu, length 0.3000 mm
    @(0.5000 mm, 0.5000 mm): Zone 'GND plane' [<no net>] on B.Cu, priority 0
[clearance]: Clearance violation (zone clearance 0.2000 mm; actual 0.0000 mm)
    Local override; error
    @(110.7750 mm, 48.7000 mm): Via [HP_ENABLE] on F.Cu - B.Cu
    @(0.5000 mm, 0.5000 mm): Zone 'GND plane' [<no net>] on F.Cu, priority 0
[clearance]: Clearance violation (zone clearance 0.2000 mm; actual 0.0000 mm)
    Local override; error
    @(113.4750 mm, 20.5000 mm): Track [HP_ENABLE] on B.Cu, length 0.3000 mm
    @(0.5000 mm, 0.5000 mm): Zone 'GND plane' [<no net>] on B.Cu, priority 0
[clearance]: Clearance violation (zone clearance 0.2000 mm; actual 0.0000 mm)
    Local override; error
    @(111.9750 mm, 17.2000 mm): Track [HP_ENABLE] on B.Cu, length 0.3000 mm
    @(0.5000 mm, 0.5000 mm): Zone 'GND plane' [<no net>] on B.Cu, priority 0
[clearance]: Clearance violation (zone clearance 0.2000 mm; actual 0.0000 mm)
    Local override; error
    @(114.0750 mm, 38.2000 mm): Track [HP_ENABLE] on B.Cu, length 0.8485 mm
    @(0.5000 mm, 0.5000 mm): Zone 'GND plane' [<no net>] on B.Cu, priority 0
[clearance]: Clearance violation (zone clearance 0.2000 mm; actual 0.0000 mm)
    Local override; error
    @(114.3750 mm, 40.9000 mm): Track [HP_ENABLE] on B.Cu, length 0.4243 mm
    @(0.5000 mm, 0.5000 mm): Zone 'GND plane' [<no net>] on B.Cu, priority 0
[hole_clearance]: Hole clearance violation (board setup constraints hole clearance 0.2500 mm; actual 0.0000 mm)
    Rule: board setup constraints hole; error
    @(110.7750 mm, 48.7000 mm): Via [HP_ENABLE] on F.Cu - B.Cu
    @(0.5000 mm, 0.5000 mm): Zone 'GND plane' [<no net>] on F.Cu, priority 0
[clearance]: Clearance violation (zone clearance 0.2000 mm; actual 0.0000 mm)
    Local override; error
    @(108.9750 mm, 49.3000 mm): Track [HP_ENABLE] on F.Cu, length 0.8485 mm
    @(0.5000 mm, 0.5000 mm): Zone 'GND plane' [<no net>] on F.Cu, priority 0
[clearance]: Clearance violation (zone clearance 0.2000 mm; actual 0.0000 mm)
    Local override; error
    @(111.0750 mm, 45.7000 mm): Track [HP_ENABLE] on B.Cu, length 4.6669 mm
    @(0.5000 mm, 0.5000 mm): Zone 'GND plane' [<no net>] on B.Cu, priority 0
[clearance]: Clearance violation (zone clearance 0.2000 mm; actual 0.0000 mm)
    Local override; error
    @(108.6750 mm, 49.3000 mm): Track [HP_ENABLE] on F.Cu, length 0.3000 mm
    @(0.5000 mm, 0.5000 mm): Zone 'GND plane' [<no net>] on F.Cu, priority 0
[clearance]: Clearance violation (zone clearance 0.2000 mm; actual 0.0000 mm)
    Local override; error
    @(116.1750 mm, 37.6000 mm): Via [HP_ENABLE] on F.Cu - B.Cu
    @(0.5000 mm, 0.5000 mm): Zone 'GND plane' [<no net>] on B.Cu, priority 0
[clearance]: Clearance violation (zone clearance 0.2000 mm; actual 0.0000 mm)
    Local override; error
    @(110.7750 mm, 48.7000 mm): Via [HP_ENABLE] on F.Cu - B.Cu
    @(0.5000 mm, 0.5000 mm): Zone 'GND plane' [<no net>] on B.Cu, priority 0
[clearance]: Clearance violation (zone clearance 0.2000 mm; actual 0.0000 mm)
    Local override; error
    @(114.0750 mm, 40.6000 mm): Track [HP_ENABLE] on B.Cu, length 2.4000 mm
    @(0.5000 mm, 0.5000 mm): Zone 'GND plane' [<no net>] on B.Cu, priority 0
[clearance]: Clearance violation (zone clearance 0.2000 mm; actual 0.0000 mm)
    Local override; error
    @(109.5750 mm, 48.7000 mm): Track [HP_ENABLE] on F.Cu, length 1.2000 mm
    @(0.5000 mm, 0.5000 mm): Zone 'GND plane' [<no net>] on F.Cu, priority 0
[hole_clearance]: Hole clearance violation (board setup constraints hole clearance 0.2500 mm; actual 0.0000 mm)
    Rule: board setup constraints hole; error
    @(116.1750 mm, 37.6000 mm): Via [HP_ENABLE] on F.Cu - B.Cu
    @(0.5000 mm, 0.5000 mm): Zone 'GND plane' [<no net>] on B.Cu, priority 0
[clearance]: Clearance violation (zone clearance 0.2000 mm; actual 0.0950 mm)
    Local override; error
    @(110.1750 mm, 13.3000 mm): Track [HP_ENABLE] on B.Cu, length 0.3000 mm
    @(0.5000 mm, 0.5000 mm): Zone 'GND plane' [<no net>] on B.Cu, priority 0
[clearance]: Clearance violation (zone clearance 0.2000 mm; actual 0.0000 mm)
    Local override; error
    @(110.4750 mm, 13.9000 mm): Track [HP_ENABLE] on B.Cu, length 0.3000 mm
    @(0.5000 mm, 0.5000 mm): Zone 'GND plane' [<no net>] on B.Cu, priority 0
[clearance]: Clearance violation (zone clearance 0.2000 mm; actual 0.0000 mm)
    Local override; error
    @(113.1750 mm, 19.6000 mm): Track [HP_ENABLE] on B.Cu, length 0.4243 mm
    @(0.5000 mm, 0.5000 mm): Zone 'GND plane' [<no net>] on B.Cu, priority 0
[clearance]: Clearance violation (zone clearance 0.2000 mm; actual 0.0000 mm)
    Local override; error
    @(111.0750 mm, 15.1000 mm): Track [HP_ENABLE] on B.Cu, length 0.3000 mm
    @(0.5000 mm, 0.5000 mm): Zone 'GND plane' [<no net>] on B.Cu, priority 0
[clearance]: Clearance violation (zone clearance 0.2000 mm; actual 0.0000 mm)
    Local override; error
    @(110.7750 mm, 14.2000 mm): Track [HP_ENABLE] on B.Cu, length 0.4243 mm
    @(0.5000 mm, 0.5000 mm): Zone 'GND plane' [<no net>] on B.Cu, priority 0
[clearance]: Clearance violation (zone clearance 0.2000 mm; actual 0.0000 mm)
    Local override; error
    @(114.6750 mm, 37.6000 mm): Track [HP_ENABLE] on B.Cu, length 1.5000 mm
    @(0.5000 mm, 0.5000 mm): Zone 'GND plane' [<no net>] on B.Cu, priority 0
[clearance]: Clearance violation (zone clearance 0.2000 mm; actual 0.0000 mm)
    Local override; error
    @(110.7750 mm, 14.5000 mm): Track [HP_ENABLE] on B.Cu, length 0.3000 mm
    @(0.5000 mm, 0.5000 mm): Zone 'GND plane' [<no net>] on B.Cu, priority 0
[hole_clearance]: Hole clearance violation (board setup constraints hole clearance 0.2500 mm; actual 0.0000 mm)
    Rule: board setup constraints hole; error
    @(110.7750 mm, 48.7000 mm): Via [HP_ENABLE] on F.Cu - B.Cu
    @(0.5000 mm, 0.5000 mm): Zone 'GND plane' [<no net>] on B.Cu, priority 0
[clearance]: Clearance violation (zone clearance 0.2000 mm; actual 0.1755 mm)
    Local override; error
    @(107.1750 mm, 48.1000 mm): Track [HP_ENABLE] on F.Cu, length 0.3000 mm
    @(0.5000 mm, 0.5000 mm): Zone 'GND plane' [<no net>] on F.Cu, priority 0
[via_diameter]: Via diameter (board setup constraints min diameter 0.8000 mm; actual 0.6000 mm)
    Rule: netclass 'Default'; error
    @(116.1750 mm, 37.6000 mm): Via [HP_ENABLE] on F.Cu - B.Cu
[via_diameter]: Via diameter (board setup constraints min diameter 0.8000 mm; actual 0.6000 mm)
    Rule: netclass 'Default'; error
    @(110.7750 mm, 48.7000 mm): Via [HP_ENABLE] on F.Cu - B.Cu
[via_diameter]: Via diameter (board setup constraints min diameter 0.8000 mm; actual 0.6000 mm)
    Rule: netclass 'Default'; error
    @(109.8750 mm, 12.4000 mm): Via [HP_ENABLE] on F.Cu - B.Cu
[via_diameter]: Via diameter (board setup constraints min diameter 0.8000 mm; actual 0.6000 mm)
    Rule: netclass 'Default'; error
    @(118.2750 mm, 25.3000 mm): Via [HP_ENABLE] on F.Cu - B.Cu

** Found 16 unconnected pads **
[unconnected_items]: Missing connection between items
    Local override; error
    @(89.6200 mm, 6.0000 mm): PTH pad 7 [FLU_PAD] of J6
    @(47.3270 mm, 48.1606 mm): Track [FLU_PAD] on F.Cu, length 1.2816 mm
[unconnected_items]: Missing connection between items
    Local override; error
    @(51.7502 mm, 47.6441 mm): Track [FRD_PAD] on F.Cu, length 0.9661 mm
    @(94.7000 mm, 3.4600 mm): PTH pad 12 [FRD_PAD] of J6
[unconnected_items]: Missing connection between items
    Local override; error
    @(54.2156 mm, 50.6500 mm): Track [BLD_PAD] on F.Cu, length 0.6469 mm
    @(102.3200 mm, 6.0000 mm): PTH pad 17 [BLD_PAD] of J6
[unconnected_items]: Missing connection between items
    Local override; error
    @(20.3250 mm, 52.0000 mm): Pad 2 [PAD_DBG] of R68 on F.Cu
    @(107.4000 mm, 12.5000 mm): PTH pad 21 [PAD_DBG] of J7
[unconnected_items]: Missing connection between items
    Local override; error
    @(68.4120 mm, 48.4805 mm): Track [FLU_ADC] on F.Cu, length 1.1007 mm
    @(92.1600 mm, 6.0000 mm): PTH pad 9 [FLU_ADC] of J6
[unconnected_items]: Missing connection between items
    Local override; error
    @(28.6437 mm, 72.5302 mm): Track [FLU_RAW] on B.Cu, length 6.1556 mm
    @(87.0800 mm, 6.0000 mm): PTH pad 5 [FLU_RAW] of J6
[unconnected_items]: Missing connection between items
    Local override; error
    @(105.2250 mm, 52.0000 mm): Pad 1 [HP_CPP] of C59 on F.Cu
    @(113.4375 mm, 55.7500 mm): Pad 11 [HP_CPP] of U10 on F.Cu
[unconnected_items]: Missing connection between items
    Local override; error
    @(110.7750 mm, 48.7000 mm): Track [HP_ENABLE] on B.Cu, length 1.8000 mm
    @(112.7500 mm, 54.5625 mm): Pad 13 [HP_ENABLE] of U10 on F.Cu
[unconnected_items]: Missing connection between items
    Local override; error
    @(65.1375 mm, 53.0000 mm): Pad 14 [+3V3_D] of U7 on F.Cu
    @(83.2250 mm, 55.8807 mm): Track [+3V3_D] on B.Cu, length 5.3920 mm
[unconnected_items]: Missing connection between items
    Local override; error
    @(60.0000 mm, 9.1600 mm): PTH pad 30 [GAIN_B] of U8
    @(106.8250 mm, 20.0000 mm): Track [GAIN_B] on B.Cu, length 2.2627 mm
[unconnected_items]: Missing connection between items
    Local override; error
    @(105.2250 mm, 16.0000 mm): Track [REC_BUTTON] on B.Cu, length 2.4000 mm
    @(60.0000 mm, 14.2400 mm): PTH pad 28 [REC_BUTTON] of U8
[unconnected_items]: Missing connection between items
    Local override; error
    @(65.1375 mm, 51.5000 mm): Pad 11 [ADC_LDO] of U7 on F.Cu
    @(83.2250 mm, 52.0000 mm): Pad 1 [ADC_LDO] of C43 on B.Cu
[unconnected_items]: Missing connection between items
    Local override; error
    @(65.1375 mm, 53.5000 mm): Pad 15 [ADC_MCLK_IC] of U7 on F.Cu
    @(104.8250 mm, 40.0000 mm): Pad 2 [ADC_MCLK_IC] of R46 on B.Cu
[unconnected_items]: Missing connection between items
    Local override; error
    @(70.8625 mm, 53.0000 mm): Pad 17 [ADC_BCLK_IC] of U7 on F.Cu
    @(112.8250 mm, 40.0000 mm): Pad 2 [ADC_BCLK_IC] of R48 on B.Cu
[unconnected_items]: Missing connection between items
    Local override; error
    @(70.8625 mm, 50.5000 mm): Pad 22 [ADC_DOUT2_IC] of U7 on F.Cu
    @(119.1750 mm, 40.0000 mm): Pad 1 [ADC_DOUT2_IC] of R69 on B.Cu
[unconnected_items]: Missing connection between items
    Local override; error
    @(89.7431 mm, 12.6231 mm): Track [ADC_TDM] on B.Cu, length 22.0837 mm
    @(60.0000 mm, 39.6400 mm): PTH pad 8 [ADC_TDM] of U8

** Found 0 Footprint errors **

** Ignored checks **
    - Footprint has no courtyard defined
    - Track endpoint not centered on via
    - Tuning profile track geometries
    - Footprint doesn't match symbol's footprint filters
    - Footprint component type doesn't match footprint pads

** End of Report **
