=== pristine board + DSN ===
C:\Users\Jason\Documents\quadpreandrecorder\hardware\review_outputs\QuadPreRecorder-unrouted.dsn
Board: 138.0 x 114.0 mm, footprints: 322
=== PRE-FLIGHT: pads vs board edge and edge keepout ===
pads checked: 945
OK: every pad clears the 0.65 mm edge keepout
=== Rev C3: decoupling vias + U10 EP via array ===
U10 exposed pad 2.70x2.70 at (112.00,56.00): 9 vias, pitch 0.9
U10.13 GND stub into the exposed pad
U10.3 GND stub into the exposed pad
U13.6 GND stub into the exposed pad
U13.8 GND stub into the exposed pad
U7. 6 ADC_VREF  stub 1.58 mm -> via (82.0,47.7)
U7. 8 +3V3_A    stub 1.38 mm -> via (82.0,49.3)
U7.11 ADC_LDO   stub 1.37 mm -> via (82.0,50.9)
U7.14 +3V3_DC   stub 1.36 mm -> via (82.0,52.5)
U9. 1 +3V3_A    stub 1.36 mm -> via (98.5,47.08)
U9. 8 +3V3_A    stub 1.36 mm -> via (98.5,51.62)
U9.20 +3V3_DC   stub 1.36 mm -> via (101.5,47.08)
U9.18 DAC_LDO   stub 1.39 mm -> via (101.5,48.65)
U10.12 +5V stub -> C65.1 (1.54 mm)
U11.6 -> U11.7 GND tie, shared via (11.59,28.90)
VBOOST_IN pre-routed
VBOOST_IN pre-routed
BOOST_SS pre-routed
BOOST_EN pre-routed
HP_OUT_L pre-routed
   via DAC_LDO   -> C53.1
   via +3V3_DC   -> C56.1
   via +3V3_A    -> C64.1
   via +3V3_A    -> C54.1
   via +3V3_DC   -> C44.1
   via ADC_LDO   -> C43.1
   via +3V3_A    -> C41.1
   via ADC_VREF  -> C40.1
C:\Users\Jason\Documents\quadpreandrecorder\hardware\QuadPreRecorder.kicad_pcb
=== GND fanout on every SMD ground pad ===
surface-mount GND pads needing a via: 159
fanout vias placed: 159
C:\Users\Jason\Documents\quadpreandrecorder\hardware\QuadPreRecorder.kicad_pcb
C:\Users\Jason\Documents\quadpreandrecorder\hardware\review_outputs\QuadPreRecorder-unrouted.dsn
=== protect the fanout ===
wiring entries protected: 360 (was 360 routable)
sample via: (via "Via[0-3]_600:300_um"  89695 -49850 (net GND)(type protect))
C:\Users\Jason\Documents\quadpreandrecorder\hardware\review_outputs\QuadPreRecorder-unrouted.dsn
=== In1.Cu -> (type power) ===
layer decls changed to power : 2
In1/In2 wire_keepouts removed: 2
bytes 177753 -> 177435
C:\Users\Jason\Documents\quadpreandrecorder\hardware\review_outputs\QuadPreRecorder-unrouted-plane.dsn
=== freerouting 15:45:31 ===
2026-09-15 15:45:31.748 [main] INFO  Freerouting v1.9.0 (build-date: 2023-10-30)
2026-09-15 15:45:31.789 [main] INFO  Settings were loaded from freerouting.json
2026-09-15 15:45:33.117 [main] INFO  Opening 'C:\Users\Jason\Documents\quadpreandrecorder\hardware\review_outputs\QuadPreRecorder-unrouted-plane.dsn'...
2026-09-15 15:45:33.391 [ForkJoinPool.commonPool-worker-1] INFO  New version available: v2.4.1
2026-09-15 15:45:43.890 [Thread-29] INFO  Starting auto-routing...
2026-09-15 15:45:44.116 [Thread-29] WARN  FloatLine: Parameter is null
2026-09-15 15:45:44.185 [Thread-29] WARN  FloatLine: Parameter is null
2026-09-15 15:45:44.194 [Thread-29] WARN  FloatLine: Parameter is null
2026-09-15 15:48:24.566 [Thread-29] WARN  There were only 16.00 changes in the last 20 passes, so it's very likely that autorouter can't improve the result much further. It is recommended to stop it and finish the board manually.
2026-09-15 15:48:28.135 [Thread-29] WARN  There were only 9.03 changes in the last 40 passes, so it's very likely that autorouter can't improve the result much further. It is recommended to stop it and finish the board manually.
2026-09-15 15:48:31.582 [Thread-29] WARN  There were only 7.87 changes in the last 60 passes, so it's very likely that autorouter can't improve the result much further. It is recommended to stop it and finish the board manually.
2026-09-15 15:48:35.238 [Thread-29] WARN  There were only 7.29 changes in the last 80 passes, so it's very likely that autorouter can't improve the result much further. It is recommended to stop it and finish the board manually.
2026-09-15 15:48:36.449 [Thread-29] INFO  Auto-routing was completed in 2 minute(s) 52.55 seconds.
2026-09-15 15:48:36.551 [Thread-29] INFO  Starting route optimization on 1 thread...
2026-09-15 15:49:48.690 [Thread-29] INFO  Route optimization was completed in 1 minute(s) 12.14 seconds.
2026-09-15 15:49:48.706 [Thread-29] INFO  Saving 'C:\Users\Jason\Documents\quadpreandrecorder\hardware\review_outputs\QuadPreRecorder-routed.ses'...
=== freerouting done 15:49:49 ===
=== regenerate pristine, import the route ===
Board: 138.0 x 114.0 mm, footprints: 322
C:\Users\Jason\Documents\quadpreandrecorder\hardware\QuadPreRecorder.kicad_pcb
Tracks/vias: 3440; zones: 20
  SW2    duplicate pad numbers 1,2 -> treated as internal jumpers
  J9     duplicate pad numbers SH -> treated as internal jumpers
  SW3    duplicate pad numbers MP -> treated as internal jumpers
  J2     duplicate pad numbers SH -> treated as internal jumpers
footprints updated: 4
C:\Users\Jason\Documents\quadpreandrecorder\hardware\QuadPreRecorder.kicad_pcb
  stitching vias added: 130
C:\Users\Jason\Documents\quadpreandrecorder\hardware\QuadPreRecorder.kicad_pcb
  pass-2 vias added     : 1
  islands with no room  : 1
C:\Users\Jason\Documents\quadpreandrecorder\hardware\QuadPreRecorder.kicad_pcb
=== FINISHING PASS: re-route whatever is left, everything else locked ===
exported 3571 tracks/vias
C:\Users\Jason\Documents\quadpreandrecorder\hardware\review_outputs\QuadPreRecorder-finish.dsn
wiring entries protected: 3359 (was 3359 routable)
sample via: (via "Via[0-3]_800:400_um"  72935.3 -97879 (net LINE_MUTE)(type protect))
C:\Users\Jason\Documents\quadpreandrecorder\hardware\review_outputs\QuadPreRecorder-finish.dsn
layer decls changed to power : 2
In1/In2 wire_keepouts removed: 2
bytes 438960 -> 438642
C:\Users\Jason\Documents\quadpreandrecorder\hardware\review_outputs\QuadPreRecorder-finish-plane.dsn
2026-09-15 15:50:31.862 [main] INFO  Freerouting v1.9.0 (build-date: 2023-10-30)
2026-09-15 15:50:31.899 [main] INFO  Settings were loaded from freerouting.json
2026-09-15 15:50:33.231 [main] INFO  Opening 'C:\Users\Jason\Documents\quadpreandrecorder\hardware\review_outputs\QuadPreRecorder-finish-plane.dsn'...
2026-09-15 15:50:33.799 [ForkJoinPool.commonPool-worker-1] INFO  New version available: v2.4.1
2026-09-15 15:50:34.968 [main] WARN  The normalization of net '+3V3_DC' failed.
2026-09-15 15:50:34.986 [main] WARN  The normalization of net 'DAC_LDO' failed.
finishing pass produced no SES - keeping the first route
=== stackup block ===
stackup written: 4 layers, 35 um Cu, 0.21 / 1.065 / 0.21 mm dielectric (~1.65 mm)
C:\Users\Jason\Documents\quadpreandrecorder\hardware\QuadPreRecorder.kicad_pcb
=== connectivity ===
GND pads: 184
GND pad clusters: 1
   MAIN     184 pads

KiCad unconnected count on the whole board: 0
=== DRC ===
Found 0 violations
Found 0 unconnected items
Found 0 schematic parity issues
Saved DRC Report to hardware/fabrication/QuadPreRecorder-drc.rpt
=== FULL ROUTE DONE 16:06:37 ===
