=== patch DSN: In1.Cu -> (type power) ===
layer decls changed to power : 1
In1 wire_keepouts removed    : 1
bytes 131574 -> 131415
C:\Users\Jason\Documents\quadpreandrecorder\hardware\review_outputs\QuadPreRecorder-unrouted-plane.dsn
=== freerouting start 03:56:07 ===
2026-09-11 03:56:07.796 [main] INFO  Freerouting v1.9.0 (build-date: 2023-10-30)
2026-09-11 03:56:07.842 [main] INFO  Settings were loaded from freerouting.json
2026-09-11 03:56:09.249 [main] INFO  Opening 'C:\Users\Jason\Documents\quadpreandrecorder\hardware\review_outputs\QuadPreRecorder-unrouted-plane.dsn'...
2026-09-11 03:56:09.550 [ForkJoinPool.commonPool-worker-1] INFO  New version available: v2.4.1
2026-09-11 03:56:31.205 [Thread-28] INFO  Starting auto-routing...
2026-09-11 03:57:23.941 [Thread-28] WARN  IntPoint: p_x is out of range
2026-09-11 03:57:23.942 [Thread-28] WARN  IntPoint: p_x is out of range
2026-09-11 03:57:23.943 [Thread-28] WARN  IntPoint: p_x is out of range
2026-09-11 03:57:23.943 [Thread-28] WARN  IntPoint: p_x is out of range
2026-09-11 03:57:23.944 [Thread-28] WARN  IntPoint: p_y is out of range
2026-09-11 03:57:23.944 [Thread-28] WARN  IntPoint: p_y is out of range
2026-09-11 03:57:23.945 [Thread-28] WARN  ShapeSearchTree.overlaps_with_clearance: p_shape is not bounded
2026-09-11 03:57:23.948 [Thread-28] WARN  IntPoint: p_x is out of range
2026-09-11 03:57:23.948 [Thread-28] WARN  IntPoint: p_x is out of range
2026-09-11 03:57:23.949 [Thread-28] WARN  IntPoint: p_x is out of range
2026-09-11 03:57:23.949 [Thread-28] WARN  IntPoint: p_x is out of range
2026-09-11 03:57:23.950 [Thread-28] WARN  IntPoint: p_y is out of range
2026-09-11 03:57:23.950 [Thread-28] WARN  IntPoint: p_y is out of range
2026-09-11 03:57:23.952 [Thread-28] WARN  IntPoint: p_x is out of range
2026-09-11 03:57:23.952 [Thread-28] WARN  IntPoint: p_x is out of range
2026-09-11 03:57:23.953 [Thread-28] WARN  IntPoint: p_x is out of range
2026-09-11 03:57:23.953 [Thread-28] WARN  IntPoint: p_x is out of range
2026-09-11 03:57:23.954 [Thread-28] WARN  IntPoint: p_y is out of range
2026-09-11 03:57:23.954 [Thread-28] WARN  IntPoint: p_y is out of range
2026-09-11 03:57:23.955 [Thread-28] WARN  IntPoint: p_x is out of range
2026-09-11 03:57:23.955 [Thread-28] WARN  IntPoint: p_y is out of range
2026-09-11 04:01:56.531 [Thread-28] INFO  Auto-routing was completed in 5 minute(s) 25.32 seconds.
2026-09-11 04:01:56.635 [Thread-28] INFO  Starting route optimization on 1 thread...
2026-09-11 04:03:42.132 [Thread-28] INFO  Route optimization was completed in 1 minute(s) 45.49 seconds.
2026-09-11 04:03:42.164 [Thread-28] INFO  Saving 'C:\Users\Jason\Documents\quadpreandrecorder\hardware\review_outputs\QuadPreRecorder-routed.ses'...
=== freerouting done 04:03:42 ===
=== import_route ===
C:\Users\Jason\Documents\quadpreandrecorder\hardware\QuadPreRecorder.kicad_pcb
Tracks/vias: 2986; zones: 19
=== cleanup_board (fills zones) ===
C:\Users\Jason\Documents\quadpreandrecorder\hardware\QuadPreRecorder.kicad_pcb
=== gnd stitching ===
  stitching vias added: 188
C:\Users\Jason\Documents\quadpreandrecorder\hardware\QuadPreRecorder.kicad_pcb
  pass-2 vias added     : 18
  islands with no room  : 16
C:\Users\Jason\Documents\quadpreandrecorder\hardware\QuadPreRecorder.kicad_pcb
=== DRC ===
Found 0 violations
Found 11 unconnected items
Found 0 schematic parity issues
Saved DRC Report to hardware/fabrication/QuadPreRecorder-drc.rpt
DRC exit: 0
=== ALL DONE 04:04:56 ===
