=== freerouting start 13:06:17 ===
2026-09-08 13:06:17.606 [main] INFO  Freerouting v1.9.0 (build-date: 2023-10-30)
2026-09-08 13:06:17.652 [main] INFO  Settings were loaded from freerouting.json
2026-09-08 13:06:19.007 [main] INFO  Opening 'C:\Users\Jason\Documents\quadpreandrecorder\hardware\review_outputs\QuadPreRecorder-unrouted.dsn'...
2026-09-08 13:06:19.234 [ForkJoinPool.commonPool-worker-1] INFO  New version available: v2.4.1
2026-09-08 13:06:41.427 [Thread-28] INFO  Starting auto-routing...
2026-09-08 13:27:40.479 [Thread-28] WARN  CalcFromSide: start corner was not found
=== freerouting done 13:37:11 ===
=== import_route ===
C:\Users\Jason\Documents\quadpreandrecorder\hardware\QuadPreRecorder.kicad_pcb
Tracks/vias: 3237; zones: 19
=== cleanup_board (fills zones) ===
C:\Users\Jason\Documents\quadpreandrecorder\hardware\QuadPreRecorder.kicad_pcb
=== DRC ===
Found 26 violations
Found 44 unconnected items
Found 0 schematic parity issues
Saved DRC Report to hardware/fabrication/QuadPreRecorder-drc.rpt
DRC exit: 0
=== ALL DONE 13:37:30 ===
